main.c:95:5:main	8	static
main.c:153:6:SystemClock_Config	96	static
main.c:195:13:MX_NVIC_Init	8	static
main.c:207:13:MX_ADC1_Init	72	static
main.c:284:13:MX_CRC_Init	8	static
main.c:315:13:MX_I2C1_Init	8	static
main.c:361:13:MX_I2C3_Init	8	static
main.c:407:13:MX_LPTIM1_Init	8	static
main.c:441:13:MX_SPI1_Init	8	static
main.c:481:13:MX_SPI2_Init	8	static
main.c:521:13:MX_SPI3_Init	8	static
main.c:561:13:MX_TIM1_Init	112	static
main.c:641:13:MX_TIM2_Init	40	static
main.c:686:13:MX_USART2_UART_Init	8	static
main.c:719:13:MX_DMA_Init	16	static
main.c:740:13:MX_GPIO_Init	48	static
main.c:782:6:Error_Handler	4	static,ignoring_inline_asm
